// Vitest Snapshot v1, https://vitest.dev/guide/snapshot.html

exports[`LangSwitcher > renders with English as current language 1`] = `"<nav aria-label="Language switcher" class="lang-switcher" data-testid="lang-switcher"> <ul role="list" class="lang-switcher__list"> <li role="listitem"> <span class="lang-switcher__current" aria-current="true" data-lang="en"> en </span> </li><li role="listitem"> <a class="lang-switcher__link" href="/ru/" lang="ru" hreflang="ru" data-lang="ru" aria-label="Switch language to RU" data-astro-prefetch="hover"> ru </a> </li><li role="listitem"> <a class="lang-switcher__link" href="/es/" lang="es" hreflang="es" data-lang="es" aria-label="Switch language to ES" data-astro-prefetch="hover"> es </a> </li> </ul> </nav>"`;

exports[`LangSwitcher > renders with Russian as current language 1`] = `"<nav aria-label="Language switcher" class="lang-switcher" data-testid="lang-switcher"> <ul role="list" class="lang-switcher__list"> <li role="listitem"> <a class="lang-switcher__link" href="/en/" lang="en" hreflang="en" data-lang="en" aria-label="Switch language to EN" data-astro-prefetch="hover"> en </a> </li><li role="listitem"> <span class="lang-switcher__current" aria-current="true" data-lang="ru"> ru </span> </li><li role="listitem"> <a class="lang-switcher__link" href="/es/" lang="es" hreflang="es" data-lang="es" aria-label="Switch language to ES" data-astro-prefetch="hover"> es </a> </li> </ul> </nav>"`;

exports[`LangSwitcher > renders with Spanish as current language 1`] = `"<nav aria-label="Language switcher" class="lang-switcher" data-testid="lang-switcher"> <ul role="list" class="lang-switcher__list"> <li role="listitem"> <a class="lang-switcher__link" href="/en/" lang="en" hreflang="en" data-lang="en" aria-label="Switch language to EN" data-astro-prefetch="hover"> en </a> </li><li role="listitem"> <a class="lang-switcher__link" href="/ru/" lang="ru" hreflang="ru" data-lang="ru" aria-label="Switch language to RU" data-astro-prefetch="hover"> ru </a> </li><li role="listitem"> <span class="lang-switcher__current" aria-current="true" data-lang="es"> es </span> </li> </ul> </nav>"`;
