// Vitest Snapshot v1, https://vitest.dev/guide/snapshot.html

exports[`ProfileHeader > renders with English props 1`] = `"<header class="profile-header"> <h1 class="profile-header__title">Andrey Makarov</h1> <div class="profile-header__divider"></div> <h2 class="profile-header__headline">Software Developer 👨‍💻</h2> </header>"`;

exports[`ProfileHeader > renders with Russian props 1`] = `"<header class="profile-header"> <h1 class="profile-header__title">Андрей Макаров</h1> <div class="profile-header__divider"></div> <h2 class="profile-header__headline">Разработчик ПО 👨‍💻</h2> </header>"`;

exports[`ProfileHeader > renders with Spanish props 1`] = `"<header class="profile-header"> <h1 class="profile-header__title">Andrey Makárov</h1> <div class="profile-header__divider"></div> <h2 class="profile-header__headline">Desarrollador 👨‍💻</h2> </header>"`;
