// Vitest Snapshot v1, https://vitest.dev/guide/snapshot.html

exports[`ProfileHeader > renders with English props 1`] = `"<header class="col-span-1 md:col-span-2"> <h1 class="text-5xl font-bold mb-4 md:text-6xl mt-2">Andrey Makarov</h1> <div class="mb-4 h-1 rounded-full bg-gradient-to-r from-gradient-from-light via-gradient-via-light to-gradient-to-light dark:from-gradient-from-dark dark:via-gradient-via-dark dark:to-gradient-to-dark"></div> <h2 class="text-2xl font-bold text-palette-3-light md:text-3xl xl:text-4xl dark:text-palette-3-dark"> Software Developer 👨‍💻 </h2> </header>"`;

exports[`ProfileHeader > renders with Russian props 1`] = `"<header class="col-span-1 md:col-span-2"> <h1 class="text-5xl font-bold mb-4 md:text-6xl mt-2">Андрей Макаров</h1> <div class="mb-4 h-1 rounded-full bg-gradient-to-r from-gradient-from-light via-gradient-via-light to-gradient-to-light dark:from-gradient-from-dark dark:via-gradient-via-dark dark:to-gradient-to-dark"></div> <h2 class="text-2xl font-bold text-palette-3-light md:text-3xl xl:text-4xl dark:text-palette-3-dark"> Разработчик ПО 👨‍💻 </h2> </header>"`;

exports[`ProfileHeader > renders with Spanish props 1`] = `"<header class="col-span-1 md:col-span-2"> <h1 class="text-5xl font-bold mb-4 md:text-6xl mt-2">Andrey Makárov</h1> <div class="mb-4 h-1 rounded-full bg-gradient-to-r from-gradient-from-light via-gradient-via-light to-gradient-to-light dark:from-gradient-from-dark dark:via-gradient-via-dark dark:to-gradient-to-dark"></div> <h2 class="text-2xl font-bold text-palette-3-light md:text-3xl xl:text-4xl dark:text-palette-3-dark"> Desarrollador 👨‍💻 </h2> </header>"`;
